// Jest Snapshot v1, https://goo.gl/fbAQLP

exports[`Test CityWeather component renders correctly 1`] = `
<View
  style={
    Object {
      "flex": 1,
      "height": 1334,
    }
  }
  virtual={undefined}
>
  <View>
    <View
      rounded={true}
      searchBar={true}
      style={
        Object {
          "backgroundColor": "#F8F8F8",
          "borderBottomColor": "#a7a6ab",
          "borderBottomWidth": 0.5,
          "elevation": 3,
          "flexDirection": "row",
          "height": 64,
          "justifyContent": "center",
          "left": 0,
          "paddingLeft": 10,
          "paddingRight": 10,
          "paddingTop": 15,
          "right": 0,
          "shadowColor": undefined,
          "shadowOffset": undefined,
          "shadowOpacity": undefined,
          "shadowRadius": undefined,
          "top": 0,
        }
      }
      virtual={undefined}
    >
      <View
        style={
          Object {
            "alignItems": "flex-start",
            "alignSelf": "center",
            "flex": 1,
          }
        }
        virtual={undefined}
      >
        <View
          accessibilityComponentType={undefined}
          accessibilityLabel={undefined}
          accessibilityTraits={undefined}
          accessible={true}
          collapsable={undefined}
          hitSlop={undefined}
          isTVSelectable={true}
          nativeID={undefined}
          onLayout={undefined}
          onResponderGrant={[Function]}
          onResponderMove={[Function]}
          onResponderRelease={[Function]}
          onResponderTerminate={[Function]}
          onResponderTerminationRequest={[Function]}
          onStartShouldSetResponder={[Function]}
          style={
            Object {
              "alignItems": "center",
              "alignSelf": null,
              "backgroundColor": "transparent",
              "borderBottomWidth": null,
              "borderColor": null,
              "borderLeftWidth": null,
              "borderRadius": 5,
              "borderRightWidth": null,
              "borderTopWidth": null,
              "elevation": 0,
              "flexDirection": "row",
              "height": 45,
              "justifyContent": "space-between",
              "marginLeft": -3,
              "opacity": 1,
              "paddingBottom": 6,
              "paddingLeft": 6,
              "paddingRight": 6,
              "paddingTop": 6,
              "shadowColor": null,
              "shadowOffset": null,
              "shadowOpacity": null,
              "shadowRadius": null,
            }
          }
          testID={undefined}
          tvParallaxProperties={undefined}
        >
          <Text
            accessible={true}
            allowFontScaling={false}
            disabled={false}
            ellipsizeMode="tail"
            style={
              Array [
                Object {
                  "color": undefined,
                  "fontSize": 12,
                },
                Array [
                  Object {
                    "color": "#000",
                    "fontSize": 30,
                  },
                  Object {
                    "color": "#007aff",
                    "fontSize": 33,
                    "marginLeft": 2,
                    "marginRight": 2,
                    "marginTop": 2,
                    "paddingTop": 2,
                  },
                ],
                Object {
                  "fontFamily": "ExponentFont-mock-ionicons",
                  "fontStyle": "normal",
                  "fontWeight": "normal",
                },
              ]
            }
            virtual={undefined}
          >
            Ôèè
          </Text>
        </View>
      </View>
      <View
        style={
          Object {
            "alignItems": "center",
            "alignSelf": "center",
            "flex": 1,
          }
        }
        virtual={undefined}
      >
        <Text
          accessible={true}
          allowFontScaling={true}
          disabled={false}
          ellipsizeMode="tail"
          numberOfLines={1}
          style={
            Object {
              "color": "#000",
              "fontFamily": "System",
              "fontSize": 17,
              "fontWeight": "600",
              "textAlign": "center",
            }
          }
          virtual={undefined}
        >
          Weather 
          
        </Text>
      </View>
    </View>
  </View>
  <RCTScrollView
    automaticallyAdjustContentInsets={false}
    contentInset={
      Object {
        "bottom": 0,
      }
    }
    enableAutoAutomaticScroll={true}
    enableResetScrollToCoords={true}
    extraHeight={75}
    extraScrollHeight={0}
    keyboardDismissMode="interactive"
    keyboardOpeningTime={250}
    onScroll={[Function]}
    resetScrollToCoords={
      Object {
        "x": 0,
        "y": 0,
      }
    }
    scrollEventThrottle={0}
    showsVerticalScrollIndicator={true}
    style={
      Object {
        "backgroundColor": "transparent",
        "flex": 1,
      }
    }
    virtual={undefined}
  >
    <View>
      <View
        style={
          Object {
            "flex": 1,
            "flexDirection": "column",
          }
        }
      >
        <View
          style={
            Object {
              "flex": 1,
              "flexDirection": "row",
            }
          }
        >
          <View
            style={
              Object {
                "alignItems": "flex-start",
                "flex": 0,
                "flexDirection": "column",
                "justifyContent": "flex-start",
                "width": 300,
              }
            }
          >
            <Text
              accessible={true}
              allowFontScaling={true}
              disabled={false}
              ellipsizeMode="tail"
              style={
                Array [
                  Object {
                    "color": "#000",
                    "fontFamily": "System",
                    "fontSize": 16,
                  },
                  Object {
                    "fontSize": 24,
                  },
                ]
              }
              uppercase={false}
              virtual={undefined}
            >
              Country
            </Text>
          </View>
          <View
            style={
              Object {
                "alignItems": "center",
                "flex": 1,
                "flexDirection": "column",
                "justifyContent": "center",
              }
            }
          >
            <Text
              accessible={true}
              allowFontScaling={true}
              disabled={false}
              ellipsizeMode="tail"
              style={
                Array [
                  Object {
                    "color": "#000",
                    "fontFamily": "System",
                    "fontSize": 16,
                  },
                  Object {
                    "fontSize": 24,
                  },
                ]
              }
              uppercase={false}
              virtual={undefined}
            >
              
            </Text>
          </View>
        </View>
        <View
          style={
            Object {
              "flex": 1,
              "flexDirection": "row",
            }
          }
        >
          <View
            style={
              Object {
                "alignItems": "flex-start",
                "flex": 0,
                "flexDirection": "column",
                "justifyContent": "flex-start",
                "width": 300,
              }
            }
          >
            <Text
              accessible={true}
              allowFontScaling={true}
              disabled={false}
              ellipsizeMode="tail"
              style={
                Array [
                  Object {
                    "color": "#000",
                    "fontFamily": "System",
                    "fontSize": 16,
                  },
                  Object {
                    "fontSize": 24,
                  },
                ]
              }
              uppercase={false}
              virtual={undefined}
            >
              City
            </Text>
          </View>
          <View
            style={
              Object {
                "alignItems": "center",
                "flex": 1,
                "flexDirection": "column",
                "justifyContent": "center",
              }
            }
          >
            <Text
              accessible={true}
              allowFontScaling={true}
              disabled={false}
              ellipsizeMode="tail"
              style={
                Array [
                  Object {
                    "color": "#000",
                    "fontFamily": "System",
                    "fontSize": 16,
                  },
                  Object {
                    "fontSize": 24,
                  },
                ]
              }
              uppercase={false}
              virtual={undefined}
            >
              
            </Text>
          </View>
        </View>
        <View
          style={
            Object {
              "flex": 1,
              "flexDirection": "row",
            }
          }
        >
          <View
            style={
              Object {
                "alignItems": "flex-start",
                "flex": 0,
                "flexDirection": "column",
                "justifyContent": "flex-start",
                "width": 300,
              }
            }
          >
            <Text
              accessible={true}
              allowFontScaling={true}
              disabled={false}
              ellipsizeMode="tail"
              style={
                Array [
                  Object {
                    "color": "#000",
                    "fontFamily": "System",
                    "fontSize": 16,
                  },
                  Object {
                    "fontSize": 24,
                  },
                ]
              }
              uppercase={false}
              virtual={undefined}
            >
              
            </Text>
          </View>
          <View
            style={
              Object {
                "alignItems": "center",
                "flex": 1,
                "flexDirection": "column",
                "justifyContent": "center",
              }
            }
          >
            <Text
              accessible={true}
              allowFontScaling={true}
              disabled={false}
              ellipsizeMode="tail"
              style={
                Array [
                  Object {
                    "color": "#000",
                    "fontFamily": "System",
                    "fontSize": 16,
                  },
                  Object {
                    "fontSize": 24,
                  },
                ]
              }
              uppercase={false}
              virtual={undefined}
            >
              
            </Text>
          </View>
        </View>
        <View
          style={
            Object {
              "flex": 1,
              "flexDirection": "row",
            }
          }
        >
          <View
            style={
              Object {
                "alignItems": "flex-start",
                "flex": 0,
                "flexDirection": "column",
                "justifyContent": "flex-start",
                "width": 300,
              }
            }
          >
            <Text
              accessible={true}
              allowFontScaling={true}
              disabled={false}
              ellipsizeMode="tail"
              style={
                Array [
                  Object {
                    "color": "#000",
                    "fontFamily": "System",
                    "fontSize": 16,
                  },
                  Object {
                    "fontSize": 24,
                  },
                ]
              }
              uppercase={false}
              virtual={undefined}
            >
              Temperature
            </Text>
          </View>
          <View
            style={
              Object {
                "alignItems": "center",
                "flex": 1,
                "flexDirection": "column",
                "justifyContent": "center",
              }
            }
          >
            <Text
              accessible={true}
              allowFontScaling={true}
              disabled={false}
              ellipsizeMode="tail"
              style={
                Array [
                  Object {
                    "color": "#000",
                    "fontFamily": "System",
                    "fontSize": 16,
                  },
                  Object {
                    "fontSize": 24,
                  },
                ]
              }
              uppercase={false}
              virtual={undefined}
            >
              13 ‚ÑÉ
            </Text>
          </View>
        </View>
        <View
          style={
            Object {
              "flex": 1,
              "flexDirection": "row",
            }
          }
        >
          <View
            style={
              Object {
                "alignItems": "flex-start",
                "flex": 0,
                "flexDirection": "column",
                "justifyContent": "flex-start",
                "width": 300,
              }
            }
          >
            <Text
              accessible={true}
              allowFontScaling={true}
              disabled={false}
              ellipsizeMode="tail"
              style={
                Array [
                  Object {
                    "color": "#000",
                    "fontFamily": "System",
                    "fontSize": 16,
                  },
                  Object {
                    "fontSize": 24,
                  },
                ]
              }
              uppercase={false}
              virtual={undefined}
            >
              Pressure
            </Text>
          </View>
          <View
            style={
              Object {
                "alignItems": "center",
                "flex": 1,
                "flexDirection": "column",
                "justifyContent": "center",
              }
            }
          >
            <Text
              accessible={true}
              allowFontScaling={true}
              disabled={false}
              ellipsizeMode="tail"
              style={
                Array [
                  Object {
                    "color": "#000",
                    "fontFamily": "System",
                    "fontSize": 16,
                  },
                  Object {
                    "fontSize": 24,
                  },
                ]
              }
              uppercase={false}
              virtual={undefined}
            >
              76000mmHg
            </Text>
          </View>
        </View>
        <View
          style={
            Object {
              "flex": 1,
              "flexDirection": "row",
            }
          }
        >
          <View
            style={
              Object {
                "alignItems": "flex-start",
                "flex": 0,
                "flexDirection": "column",
                "justifyContent": "flex-start",
                "width": 300,
              }
            }
          >
            <Text
              accessible={true}
              allowFontScaling={true}
              disabled={false}
              ellipsizeMode="tail"
              style={
                Array [
                  Object {
                    "color": "#000",
                    "fontFamily": "System",
                    "fontSize": 16,
                  },
                  Object {
                    "fontSize": 24,
                  },
                ]
              }
              uppercase={false}
              virtual={undefined}
            >
              Wind
            </Text>
          </View>
          <View
            style={
              Object {
                "alignItems": "center",
                "flex": 1,
                "flexDirection": "column",
                "justifyContent": "center",
              }
            }
          >
            <Text
              accessible={true}
              allowFontScaling={true}
              disabled={false}
              ellipsizeMode="tail"
              style={
                Array [
                  Object {
                    "color": "#000",
                    "fontFamily": "System",
                    "fontSize": 16,
                  },
                  Object {
                    "fontSize": 24,
                  },
                ]
              }
              uppercase={false}
              virtual={undefined}
            >
               m/s
            </Text>
          </View>
        </View>
      </View>
    </View>
  </RCTScrollView>
</View>
`;
